{"id":"","name":"","duration":0,"fps":30,"canvas_config":{"width":1920,"height":1080,"ratio":"16:9"},"platform":{"app_source":"cc","app_version":"6.5.0","os":"mac"},"tracks":[],"materials":{"videos":[],"audios":[],"texts":[],"stickers":[],"video_effects":[],"transitions":[],"masks":[],"chromas":[],"audio_fades":[],"audio_effects":[],"canvases":[],"speeds":[],"sound_channel_mappings":[],"vocal_separations":[],"placeholders":[],"common_mask":[]},"extra_info":{"created_via":"capcut-cli"}}
